Loaded 74643 samples (0 skipped).
Train: 67179, Val: 7464
Model: CNN Factored channels=32, res_blocks=3, total_params=116,011, policy_head_params=32,580
Device: cpu
C:\Users\jason\AppData\Local\Programs\Python\Python314\Lib\site-packages\torch\utils\data\dataloader.py:752: UserWarning: 'pin_memory' argument is set as true but no accelerator is found, then device pinned memory won't be used.
  super().__init__(loader)
epoch=001 lr=3.00e-04 train_loss=6.1663 policy_loss=5.6230 value_loss=0.5433 val_loss=5.9198 val_from_acc=0.0300 val_to_acc=0.0350 val_legal_acc=0.0450 val_top5=0.1794 val_top10=0.3257 val_policy_acc=0.0003
epoch=002 lr=3.00e-04 train_loss=5.8472 policy_loss=5.5584 value_loss=0.2887 val_loss=5.6976 val_from_acc=0.0322 val_to_acc=0.0376 val_legal_acc=0.0466 val_top5=0.1801 val_top10=0.3226 val_policy_acc=0.0003
epoch=003 lr=2.99e-04 train_loss=5.7058 policy_loss=5.5235 value_loss=0.1823 val_loss=5.6065 val_from_acc=0.0371 val_to_acc=0.0389 val_legal_acc=0.0454 val_top5=0.1779 val_top10=0.3230 val_policy_acc=0.0009
epoch=004 lr=2.98e-04 train_loss=5.6221 policy_loss=5.4784 value_loss=0.1437 val_loss=5.5530 val_from_acc=0.0449 val_to_acc=0.0417 val_legal_acc=0.0473 val_top5=0.1815 val_top10=0.3233 val_policy_acc=0.0020
epoch=005 lr=2.97e-04 train_loss=5.5265 policy_loss=5.4010 value_loss=0.1256 val_loss=5.4306 val_from_acc=0.0742 val_to_acc=0.0413 val_legal_acc=0.0457 val_top5=0.1763 val_top10=0.3194 val_policy_acc=0.0025
epoch=006 lr=2.96e-04 train_loss=5.3952 policy_loss=5.2779 value_loss=0.1173 val_loss=5.2814 val_from_acc=0.1029 val_to_acc=0.0419 val_legal_acc=0.0465 val_top5=0.1773 val_top10=0.3174 val_policy_acc=0.0027
epoch=007 lr=2.94e-04 train_loss=5.2678 policy_loss=5.1571 value_loss=0.1107 val_loss=5.1992 val_from_acc=0.1164 val_to_acc=0.0434 val_legal_acc=0.0470 val_top5=0.1782 val_top10=0.3203 val_policy_acc=0.0039
epoch=008 lr=2.93e-04 train_loss=5.1683 policy_loss=5.0646 value_loss=0.1037 val_loss=5.0910 val_from_acc=0.1208 val_to_acc=0.0419 val_legal_acc=0.0442 val_top5=0.1798 val_top10=0.3201 val_policy_acc=0.0040
epoch=009 lr=2.91e-04 train_loss=5.0900 policy_loss=4.9924 value_loss=0.0976 val_loss=5.0193 val_from_acc=0.1229 val_to_acc=0.0435 val_legal_acc=0.0474 val_top5=0.1782 val_top10=0.3189 val_policy_acc=0.0036
epoch=010 lr=2.89e-04 train_loss=5.0305 policy_loss=4.9380 value_loss=0.0925 val_loss=4.9792 val_from_acc=0.1235 val_to_acc=0.0457 val_legal_acc=0.0478 val_top5=0.1810 val_top10=0.3170 val_policy_acc=0.0048
epoch=011 lr=2.86e-04 train_loss=4.9773 policy_loss=4.8896 value_loss=0.0877 val_loss=4.9394 val_from_acc=0.1266 val_to_acc=0.0469 val_legal_acc=0.0468 val_top5=0.1818 val_top10=0.3190 val_policy_acc=0.0039
epoch=012 lr=2.84e-04 train_loss=4.9374 policy_loss=4.8534 value_loss=0.0840 val_loss=4.9129 val_from_acc=0.1249 val_to_acc=0.0464 val_legal_acc=0.0453 val_top5=0.1779 val_top10=0.3205 val_policy_acc=0.0040
epoch=013 lr=2.81e-04 train_loss=4.8986 policy_loss=4.8185 value_loss=0.0801 val_loss=4.9044 val_from_acc=0.1270 val_to_acc=0.0417 val_legal_acc=0.0480 val_top5=0.1799 val_top10=0.3218 val_policy_acc=0.0048
epoch=014 lr=2.78e-04 train_loss=4.8668 policy_loss=4.7910 value_loss=0.0758 val_loss=4.8589 val_from_acc=0.1279 val_to_acc=0.0477 val_legal_acc=0.0447 val_top5=0.1791 val_top10=0.3237 val_policy_acc=0.0042
epoch=015 lr=2.75e-04 train_loss=4.8447 policy_loss=4.7703 value_loss=0.0743 val_loss=4.8466 val_from_acc=0.1251 val_to_acc=0.0461 val_legal_acc=0.0490 val_top5=0.1810 val_top10=0.3257 val_policy_acc=0.0044
epoch=016 lr=2.71e-04 train_loss=4.8242 policy_loss=4.7533 value_loss=0.0710 val_loss=4.8343 val_from_acc=0.1285 val_to_acc=0.0452 val_legal_acc=0.0488 val_top5=0.1809 val_top10=0.3245 val_policy_acc=0.0047
epoch=017 lr=2.68e-04 train_loss=4.8001 policy_loss=4.7321 value_loss=0.0680 val_loss=4.8132 val_from_acc=0.1253 val_to_acc=0.0470 val_legal_acc=0.0470 val_top5=0.1781 val_top10=0.3166 val_policy_acc=0.0039
epoch=018 lr=2.64e-04 train_loss=4.7777 policy_loss=4.7136 value_loss=0.0641 val_loss=4.8201 val_from_acc=0.1288 val_to_acc=0.0468 val_legal_acc=0.0462 val_top5=0.1797 val_top10=0.3257 val_policy_acc=0.0047
epoch=019 lr=2.60e-04 train_loss=4.7666 policy_loss=4.7007 value_loss=0.0659 val_loss=4.8009 val_from_acc=0.1282 val_to_acc=0.0461 val_legal_acc=0.0435 val_top5=0.1789 val_top10=0.3202 val_policy_acc=0.0044
epoch=020 lr=2.56e-04 train_loss=4.7385 policy_loss=4.6764 value_loss=0.0621 val_loss=4.7922 val_from_acc=0.1337 val_to_acc=0.0494 val_legal_acc=0.0466 val_top5=0.1823 val_top10=0.3249 val_policy_acc=0.0040
epoch=021 lr=2.52e-04 train_loss=4.7257 policy_loss=4.6666 value_loss=0.0591 val_loss=4.7962 val_from_acc=0.1261 val_to_acc=0.0473 val_legal_acc=0.0476 val_top5=0.1826 val_top10=0.3226 val_policy_acc=0.0040
epoch=022 lr=2.47e-04 train_loss=4.7122 policy_loss=4.6534 value_loss=0.0588 val_loss=4.7874 val_from_acc=0.1254 val_to_acc=0.0469 val_legal_acc=0.0453 val_top5=0.1793 val_top10=0.3210 val_policy_acc=0.0040
epoch=023 lr=2.43e-04 train_loss=4.6931 policy_loss=4.6351 value_loss=0.0580 val_loss=4.7783 val_from_acc=0.1281 val_to_acc=0.0489 val_legal_acc=0.0469 val_top5=0.1787 val_top10=0.3262 val_policy_acc=0.0032
epoch=024 lr=2.38e-04 train_loss=4.6813 policy_loss=4.6257 value_loss=0.0556 val_loss=4.7693 val_from_acc=0.1269 val_to_acc=0.0493 val_legal_acc=0.0473 val_top5=0.1821 val_top10=0.3248 val_policy_acc=0.0050
epoch=025 lr=2.33e-04 train_loss=4.6698 policy_loss=4.6168 value_loss=0.0530 val_loss=4.7771 val_from_acc=0.1245 val_to_acc=0.0493 val_legal_acc=0.0469 val_top5=0.1831 val_top10=0.3238 val_policy_acc=0.0035
epoch=026 lr=2.28e-04 train_loss=4.6626 policy_loss=4.6101 value_loss=0.0526 val_loss=4.7687 val_from_acc=0.1257 val_to_acc=0.0476 val_legal_acc=0.0458 val_top5=0.1829 val_top10=0.3233 val_policy_acc=0.0042
epoch=027 lr=2.23e-04 train_loss=4.6451 policy_loss=4.5920 value_loss=0.0531 val_loss=4.7617 val_from_acc=0.1318 val_to_acc=0.0462 val_legal_acc=0.0464 val_top5=0.1834 val_top10=0.3277 val_policy_acc=0.0044
epoch=028 lr=2.18e-04 train_loss=4.6307 policy_loss=4.5808 value_loss=0.0500 val_loss=4.7909 val_from_acc=0.1286 val_to_acc=0.0442 val_legal_acc=0.0481 val_top5=0.1802 val_top10=0.3238 val_policy_acc=0.0040
epoch=029 lr=2.13e-04 train_loss=4.6192 policy_loss=4.5683 value_loss=0.0509 val_loss=4.7656 val_from_acc=0.1293 val_to_acc=0.0438 val_legal_acc=0.0496 val_top5=0.1856 val_top10=0.3261 val_policy_acc=0.0042
epoch=030 lr=2.07e-04 train_loss=4.6094 policy_loss=4.5595 value_loss=0.0499 val_loss=4.7604 val_from_acc=0.1279 val_to_acc=0.0460 val_legal_acc=0.0496 val_top5=0.1813 val_top10=0.3260 val_policy_acc=0.0047
epoch=031 lr=2.02e-04 train_loss=4.5975 policy_loss=4.5503 value_loss=0.0472 val_loss=4.7644 val_from_acc=0.1265 val_to_acc=0.0453 val_legal_acc=0.0482 val_top5=0.1835 val_top10=0.3232 val_policy_acc=0.0040
epoch=032 lr=1.96e-04 train_loss=4.5873 policy_loss=4.5386 value_loss=0.0487 val_loss=4.7635 val_from_acc=0.1266 val_to_acc=0.0450 val_legal_acc=0.0472 val_top5=0.1850 val_top10=0.3217 val_policy_acc=0.0039
epoch=033 lr=1.91e-04 train_loss=4.5796 policy_loss=4.5343 value_loss=0.0452 val_loss=4.7654 val_from_acc=0.1274 val_to_acc=0.0470 val_legal_acc=0.0460 val_top5=0.1825 val_top10=0.3268 val_policy_acc=0.0042
epoch=034 lr=1.85e-04 train_loss=4.5711 policy_loss=4.5262 value_loss=0.0449 val_loss=4.7617 val_from_acc=0.1243 val_to_acc=0.0460 val_legal_acc=0.0482 val_top5=0.1823 val_top10=0.3260 val_policy_acc=0.0046
epoch=035 lr=1.79e-04 train_loss=4.5594 policy_loss=4.5155 value_loss=0.0439 val_loss=4.7634 val_from_acc=0.1247 val_to_acc=0.0453 val_legal_acc=0.0452 val_top5=0.1810 val_top10=0.3286 val_policy_acc=0.0046
epoch=036 lr=1.73e-04 train_loss=4.5423 policy_loss=4.5005 value_loss=0.0418 val_loss=4.7693 val_from_acc=0.1223 val_to_acc=0.0446 val_legal_acc=0.0472 val_top5=0.1854 val_top10=0.3276 val_policy_acc=0.0044
epoch=037 lr=1.68e-04 train_loss=4.5426 policy_loss=4.4996 value_loss=0.0431 val_loss=4.7640 val_from_acc=0.1227 val_to_acc=0.0456 val_legal_acc=0.0472 val_top5=0.1835 val_top10=0.3260 val_policy_acc=0.0047
epoch=038 lr=1.62e-04 train_loss=4.5362 policy_loss=4.4928 value_loss=0.0434 val_loss=4.7650 val_from_acc=0.1222 val_to_acc=0.0439 val_legal_acc=0.0477 val_top5=0.1848 val_top10=0.3249 val_policy_acc=0.0042
