Loaded 74643 samples (0 skipped).
Train: 67179, Val: 7464
Model: CNN Factored channels=32, res_blocks=3, total_params=116,587, policy_head_params=32,580
Device: cpu
C:\Users\jason\AppData\Local\Programs\Python\Python314\Lib\site-packages\torch\utils\data\dataloader.py:752: UserWarning: 'pin_memory' argument is set as true but no accelerator is found, then device pinned memory won't be used.
  super().__init__(loader)
epoch=001 lr=3.00e-04 train_loss=6.1021 policy_loss=5.4811 value_loss=0.6211 val_loss=5.9123 val_from_acc=0.0527 val_to_acc=0.0521 val_legal_acc=0.0441 val_top5=0.1781 val_top10=0.3213 val_policy_acc=0.0004
epoch=002 lr=3.00e-04 train_loss=5.8728 policy_loss=5.3699 value_loss=0.5029 val_loss=5.7511 val_from_acc=0.0604 val_to_acc=0.0580 val_legal_acc=0.0449 val_top5=0.1778 val_top10=0.3202 val_policy_acc=0.0017
epoch=003 lr=2.99e-04 train_loss=5.7006 policy_loss=5.2992 value_loss=0.4014 val_loss=5.5696 val_from_acc=0.0750 val_to_acc=0.0600 val_legal_acc=0.0413 val_top5=0.1815 val_top10=0.3190 val_policy_acc=0.0042
epoch=004 lr=2.98e-04 train_loss=5.5280 policy_loss=5.1901 value_loss=0.3379 val_loss=5.3744 val_from_acc=0.1320 val_to_acc=0.0651 val_legal_acc=0.0447 val_top5=0.1852 val_top10=0.3293 val_policy_acc=0.0063
  💾 Periodic checkpoint saved: cnn_policy_value_v5.epoch5.pt
epoch=005 lr=2.97e-04 train_loss=5.3032 policy_loss=5.0015 value_loss=0.3017 val_loss=5.1460 val_from_acc=0.1971 val_to_acc=0.0639 val_legal_acc=0.0450 val_top5=0.1876 val_top10=0.3337 val_policy_acc=0.0078
epoch=006 lr=2.96e-04 train_loss=5.0808 policy_loss=4.8029 value_loss=0.2779 val_loss=4.9410 val_from_acc=0.2170 val_to_acc=0.0644 val_legal_acc=0.0466 val_top5=0.1884 val_top10=0.3284 val_policy_acc=0.0100
epoch=007 lr=2.94e-04 train_loss=4.9150 policy_loss=4.6590 value_loss=0.2559 val_loss=4.7503 val_from_acc=0.2300 val_to_acc=0.0669 val_legal_acc=0.0480 val_top5=0.1880 val_top10=0.3281 val_policy_acc=0.0122
epoch=008 lr=2.93e-04 train_loss=4.7951 policy_loss=4.5566 value_loss=0.2385 val_loss=4.6836 val_from_acc=0.2382 val_to_acc=0.0715 val_legal_acc=0.0478 val_top5=0.1872 val_top10=0.3317 val_policy_acc=0.0130
epoch=009 lr=2.91e-04 train_loss=4.6944 policy_loss=4.4730 value_loss=0.2213 val_loss=4.5646 val_from_acc=0.2387 val_to_acc=0.0762 val_legal_acc=0.0497 val_top5=0.1909 val_top10=0.3333 val_policy_acc=0.0139
  💾 Periodic checkpoint saved: cnn_policy_value_v5.epoch10.pt
epoch=010 lr=2.89e-04 train_loss=4.6182 policy_loss=4.4090 value_loss=0.2091 val_loss=4.5533 val_from_acc=0.2390 val_to_acc=0.0745 val_legal_acc=0.0490 val_top5=0.1894 val_top10=0.3317 val_policy_acc=0.0131
epoch=011 lr=2.86e-04 train_loss=4.5573 policy_loss=4.3602 value_loss=0.1971 val_loss=4.4646 val_from_acc=0.2420 val_to_acc=0.0717 val_legal_acc=0.0478 val_top5=0.1877 val_top10=0.3290 val_policy_acc=0.0147
epoch=012 lr=2.84e-04 train_loss=4.5015 policy_loss=4.3174 value_loss=0.1841 val_loss=4.4599 val_from_acc=0.2355 val_to_acc=0.0777 val_legal_acc=0.0468 val_top5=0.1862 val_top10=0.3276 val_policy_acc=0.0138
epoch=013 lr=2.81e-04 train_loss=4.4525 policy_loss=4.2774 value_loss=0.1751 val_loss=4.4171 val_from_acc=0.2386 val_to_acc=0.0765 val_legal_acc=0.0492 val_top5=0.1904 val_top10=0.3332 val_policy_acc=0.0135
epoch=014 lr=2.78e-04 train_loss=4.4148 policy_loss=4.2463 value_loss=0.1685 val_loss=4.3395 val_from_acc=0.2383 val_to_acc=0.0776 val_legal_acc=0.0449 val_top5=0.1826 val_top10=0.3266 val_policy_acc=0.0118
  💾 Periodic checkpoint saved: cnn_policy_value_v5.epoch15.pt
epoch=015 lr=2.75e-04 train_loss=4.3779 policy_loss=4.2210 value_loss=0.1569 val_loss=4.3536 val_from_acc=0.2421 val_to_acc=0.0729 val_legal_acc=0.0468 val_top5=0.1854 val_top10=0.3268 val_policy_acc=0.0127
epoch=016 lr=2.71e-04 train_loss=4.3526 policy_loss=4.1984 value_loss=0.1542 val_loss=4.3221 val_from_acc=0.2402 val_to_acc=0.0764 val_legal_acc=0.0456 val_top5=0.1893 val_top10=0.3317 val_policy_acc=0.0126
